> Task :app:preBuild UP-TO-DATE
> Task :app:preDebugBuild UP-TO-DATE
> Task :app:mergeDebugNativeDebugMetadata NO-SOURCE
> Task :app:checkKotlinGradlePluginConfigurationErrors
> Task :app:dataBindingMergeDependencyArtifactsDebug UP-TO-DATE
> Task :app:generateDebugResValues UP-TO-DATE
> Task :app:generateDebugResources UP-TO-DATE
> Task :app:mergeDebugResources UP-TO-DATE
> Task :app:packageDebugResources UP-TO-DATE
> Task :app:processDebugNavigationResources UP-TO-DATE
> Task :app:parseDebugLocalResources UP-TO-DATE
> Task :app:dataBindingGenBaseClassesDebug UP-TO-DATE
> Task :app:checkDebugAarMetadata UP-TO-DATE
> Task :app:compileDebugNavigationResources UP-TO-DATE
> Task :app:mapDebugSourceSetPaths UP-TO-DATE
> Task :app:createDebugCompatibleScreenManifests UP-TO-DATE
> Task :app:extractDeepLinksDebug UP-TO-DATE
> Task :app:processDebugMainManifest UP-TO-DATE
> Task :app:processDebugManifest UP-TO-DATE
> Task :app:processDebugManifestForPackage UP-TO-DATE
> Task :app:processDebugResources UP-TO-DATE
> Task :app:javaPreCompileDebug UP-TO-DATE
> Task :app:mergeDebugShaders UP-TO-DATE
> Task :app:compileDebugShaders NO-SOURCE
> Task :app:generateDebugAssets UP-TO-DATE
> Task :app:mergeDebugAssets UP-TO-DATE
> Task :app:compressDebugAssets UP-TO-DATE
> Task :app:checkDebugDuplicateClasses UP-TO-DATE
> Task :app:desugarDebugFileDependencies UP-TO-DATE
> Task :app:mergeExtDexDebug UP-TO-DATE
> Task :app:mergeLibDexDebug UP-TO-DATE
> Task :app:configureCMakeDebug[arm64-v8a]
> Task :app:buildCMakeDebug[arm64-v8a]
> Task :app:configureCMakeDebug[armeabi-v7a]
> Task :app:buildCMakeDebug[armeabi-v7a]
> Task :app:configureCMakeDebug[x86]
> Task :app:buildCMakeDebug[x86]
> Task :app:configureCMakeDebug[x86_64]
> Task :app:buildCMakeDebug[x86_64]
> Task :app:mergeDebugJniLibFolders UP-TO-DATE
> Task :app:mergeDebugNativeLibs UP-TO-DATE
> Task :app:stripDebugDebugSymbols UP-TO-DATE
> Task :app:validateSigningDebug UP-TO-DATE
> Task :app:writeDebugAppMetadata UP-TO-DATE
> Task :app:writeDebugSigningConfigVersions UP-TO-DATE
> Task :app:preReleaseBuild UP-TO-DATE
> Task :app:configureCMakeRelWithDebInfo[arm64-v8a]
> Task :app:buildCMakeRelWithDebInfo[arm64-v8a]
> Task :app:configureCMakeRelWithDebInfo[armeabi-v7a]
> Task :app:buildCMakeRelWithDebInfo[armeabi-v7a]
> Task :app:configureCMakeRelWithDebInfo[x86]
> Task :app:buildCMakeRelWithDebInfo[x86]
> Task :app:configureCMakeRelWithDebInfo[x86_64]
> Task :app:buildCMakeRelWithDebInfo[x86_64]
> Task :app:mergeReleaseJniLibFolders UP-TO-DATE
> Task :app:mergeReleaseNativeLibs UP-TO-DATE
> Task :app:stripReleaseDebugSymbols UP-TO-DATE
> Task :app:extractReleaseNativeSymbolTables UP-TO-DATE
> Task :app:mergeReleaseNativeDebugMetadata UP-TO-DATE
> Task :app:checkReleaseDuplicateClasses UP-TO-DATE
> Task :app:buildKotlinToolingMetadata UP-TO-DATE
> Task :app:dataBindingMergeDependencyArtifactsRelease UP-TO-DATE
> Task :app:generateReleaseResValues UP-TO-DATE
> Task :app:generateReleaseResources UP-TO-DATE
> Task :app:mergeReleaseResources UP-TO-DATE
> Task :app:packageReleaseResources UP-TO-DATE
> Task :app:processReleaseNavigationResources UP-TO-DATE
> Task :app:parseReleaseLocalResources UP-TO-DATE
> Task :app:dataBindingGenBaseClassesRelease UP-TO-DATE
> Task :app:checkReleaseAarMetadata UP-TO-DATE
> Task :app:compileReleaseNavigationResources UP-TO-DATE
> Task :app:mapReleaseSourceSetPaths UP-TO-DATE
> Task :app:createReleaseCompatibleScreenManifests UP-TO-DATE
> Task :app:extractDeepLinksRelease UP-TO-DATE
> Task :app:processReleaseMainManifest UP-TO-DATE
> Task :app:processReleaseManifest UP-TO-DATE
> Task :app:processReleaseManifestForPackage UP-TO-DATE
> Task :app:processReleaseResources UP-TO-DATE
> Task :app:javaPreCompileRelease UP-TO-DATE
> Task :app:desugarReleaseFileDependencies UP-TO-DATE
> Task :app:mergeReleaseStartupProfile UP-TO-DATE
> Task :app:mergeExtDexRelease UP-TO-DATE
> Task :app:mergeReleaseArtProfile UP-TO-DATE
> Task :app:mergeReleaseShaders UP-TO-DATE
> Task :app:compileReleaseShaders NO-SOURCE
> Task :app:generateReleaseAssets UP-TO-DATE
> Task :app:mergeReleaseAssets UP-TO-DATE
> Task :app:compressReleaseAssets UP-TO-DATE
> Task :app:extractReleaseVersionControlInfo UP-TO-DATE
> Task :app:extractProguardFiles UP-TO-DATE
> Task :app:optimizeReleaseResources UP-TO-DATE
> Task :app:collectReleaseDependencies UP-TO-DATE
> Task :app:sdkReleaseDependencyData UP-TO-DATE
> Task :app:writeReleaseAppMetadata UP-TO-DATE
> Task :app:writeReleaseSigningConfigVersions UP-TO-DATE
> Task :app:preDebugAndroidTestBuild SKIPPED
> Task :app:generateDebugAndroidTestResValues UP-TO-DATE
> Task :app:preDebugUnitTestBuild UP-TO-DATE
> Task :app:javaPreCompileDebugUnitTest UP-TO-DATE
> Task :app:preReleaseUnitTestBuild UP-TO-DATE
> Task :app:javaPreCompileReleaseUnitTest UP-TO-DATE

> Task :app:compileDebugKotlin FAILED
e: file:///C:/Users/tejor/AndroidStudioProjects/RealTimeEdgeDetection/app/src/main/java/com/example/realtimeedgedetection/ContinuousFrameProcessor.kt:6:12 Unresolved reference: opencv
e: file:///C:/Users/tejor/AndroidStudioProjects/RealTimeEdgeDetection/app/src/main/java/com/example/realtimeedgedetection/ContinuousFrameProcessor.kt:7:12 Unresolved reference: opencv
e: file:///C:/Users/tejor/AndroidStudioProjects/RealTimeEdgeDetection/app/src/main/java/com/example/realtimeedgedetection/ContinuousFrameProcessor.kt:27:32 Unresolved reference: Mat
e: file:///C:/Users/tejor/AndroidStudioProjects/RealTimeEdgeDetection/app/src/main/java/com/example/realtimeedgedetection/ContinuousFrameProcessor.kt:28:26 Unresolved reference: Mat
e: file:///C:/Users/tejor/AndroidStudioProjects/RealTimeEdgeDetection/app/src/main/java/com/example/realtimeedgedetection/ContinuousFrameProcessor.kt:29:26 Unresolved reference: Mat
e: file:///C:/Users/tejor/AndroidStudioProjects/RealTimeEdgeDetection/app/src/main/java/com/example/realtimeedgedetection/ContinuousFrameProcessor.kt:91:38 Unresolved reference: rowPadding
e: file:///C:/Users/tejor/AndroidStudioProjects/RealTimeEdgeDetection/app/src/main/java/com/example/realtimeedgedetection/ContinuousFrameProcessor.kt:92:38 Overload resolution ambiguity: 
public final operator fun plus(other: Byte): Int defined in kotlin.Int
public final operator fun plus(other: Double): Double defined in kotlin.Int
public final operator fun plus(other: Float): Float defined in kotlin.Int
public final operator fun plus(other: Int): Int defined in kotlin.Int
public final operator fun plus(other: Long): Long defined in kotlin.Int
public final operator fun plus(other: Short): Int defined in kotlin.Int
e: file:///C:/Users/tejor/AndroidStudioProjects/RealTimeEdgeDetection/app/src/main/java/com/example/realtimeedgedetection/ContinuousFrameProcessor.kt:112:23 Unresolved reference: Mat
e: file:///C:/Users/tejor/AndroidStudioProjects/RealTimeEdgeDetection/app/src/main/java/com/example/realtimeedgedetection/ContinuousFrameProcessor.kt:113:17 Unresolved reference: opencv
e: file:///C:/Users/tejor/AndroidStudioProjects/RealTimeEdgeDetection/app/src/main/java/com/example/realtimeedgedetection/ContinuousFrameProcessor.kt:116:24 Unresolved reference: Mat
e: file:///C:/Users/tejor/AndroidStudioProjects/RealTimeEdgeDetection/app/src/main/java/com/example/realtimeedgedetection/ContinuousFrameProcessor.kt:117:13 Unresolved reference: Imgproc
e: file:///C:/Users/tejor/AndroidStudioProjects/RealTimeEdgeDetection/app/src/main/java/com/example/realtimeedgedetection/ContinuousFrameProcessor.kt:117:41 Unresolved reference: Imgproc
e: file:///C:/Users/tejor/AndroidStudioProjects/RealTimeEdgeDetection/app/src/main/java/com/example/realtimeedgedetection/ContinuousFrameProcessor.kt:120:26 Unresolved reference: Mat
e: file:///C:/Users/tejor/AndroidStudioProjects/RealTimeEdgeDetection/app/src/main/java/com/example/realtimeedgedetection/ContinuousFrameProcessor.kt:121:13 Unresolved reference: Imgproc
e: file:///C:/Users/tejor/AndroidStudioProjects/RealTimeEdgeDetection/app/src/main/java/com/example/realtimeedgedetection/ContinuousFrameProcessor.kt:121:44 Unresolved reference: Imgproc
e: file:///C:/Users/tejor/AndroidStudioProjects/RealTimeEdgeDetection/app/src/main/java/com/example/realtimeedgedetection/ContinuousFrameProcessor.kt:125:17 Unresolved reference: opencv
e: file:///C:/Users/tejor/AndroidStudioProjects/RealTimeEdgeDetection/app/src/main/java/com/example/realtimeedgedetection/ContinuousFrameProcessor.kt:147:23 Unresolved reference: Mat
e: file:///C:/Users/tejor/AndroidStudioProjects/RealTimeEdgeDetection/app/src/main/java/com/example/realtimeedgedetection/ContinuousFrameProcessor.kt:148:17 Unresolved reference: opencv
e: file:///C:/Users/tejor/AndroidStudioProjects/RealTimeEdgeDetection/app/src/main/java/com/example/realtimeedgedetection/ContinuousFrameProcessor.kt:152:30 Unresolved reference: Mat
e: file:///C:/Users/tejor/AndroidStudioProjects/RealTimeEdgeDetection/app/src/main/java/com/example/realtimeedgedetection/ContinuousFrameProcessor.kt:153:17 Unresolved reference: Imgproc
e: file:///C:/Users/tejor/AndroidStudioProjects/RealTimeEdgeDetection/app/src/main/java/com/example/realtimeedgedetection/ContinuousFrameProcessor.kt:156:21 Unresolved reference: Size
e: file:///C:/Users/tejor/AndroidStudioProjects/RealTimeEdgeDetection/app/src/main/java/com/example/realtimeedgedetection/ContinuousFrameProcessor.kt:164:24 Unresolved reference: Mat
e: file:///C:/Users/tejor/AndroidStudioProjects/RealTimeEdgeDetection/app/src/main/java/com/example/realtimeedgedetection/ContinuousFrameProcessor.kt:165:13 Unresolved reference: Imgproc
e: file:///C:/Users/tejor/AndroidStudioProjects/RealTimeEdgeDetection/app/src/main/java/com/example/realtimeedgedetection/ContinuousFrameProcessor.kt:165:51 Unresolved reference: Imgproc
e: file:///C:/Users/tejor/AndroidStudioProjects/RealTimeEdgeDetection/app/src/main/java/com/example/realtimeedgedetection/ContinuousFrameProcessor.kt:168:27 Unresolved reference: Mat
e: file:///C:/Users/tejor/AndroidStudioProjects/RealTimeEdgeDetection/app/src/main/java/com/example/realtimeedgedetection/ContinuousFrameProcessor.kt:169:13 Unresolved reference: Imgproc
e: file:///C:/Users/tejor/AndroidStudioProjects/RealTimeEdgeDetection/app/src/main/java/com/example/realtimeedgedetection/ContinuousFrameProcessor.kt:169:49 Unresolved reference: Size
e: file:///C:/Users/tejor/AndroidStudioProjects/RealTimeEdgeDetection/app/src/main/java/com/example/realtimeedgedetection/ContinuousFrameProcessor.kt:172:25 Unresolved reference: Mat
e: file:///C:/Users/tejor/AndroidStudioProjects/RealTimeEdgeDetection/app/src/main/java/com/example/realtimeedgedetection/ContinuousFrameProcessor.kt:173:13 Unresolved reference: Imgproc
e: file:///C:/Users/tejor/AndroidStudioProjects/RealTimeEdgeDetection/app/src/main/java/com/example/realtimeedgedetection/ContinuousFrameProcessor.kt:177:32 Unresolved reference: Mat
e: file:///C:/Users/tejor/AndroidStudioProjects/RealTimeEdgeDetection/app/src/main/java/com/example/realtimeedgedetection/ContinuousFrameProcessor.kt:178:17 Unresolved reference: Imgproc
e: file:///C:/Users/tejor/AndroidStudioProjects/RealTimeEdgeDetection/app/src/main/java/com/example/realtimeedgedetection/ContinuousFrameProcessor.kt:181:21 Unresolved reference: Size
e: file:///C:/Users/tejor/AndroidStudioProjects/RealTimeEdgeDetection/app/src/main/java/com/example/realtimeedgedetection/ContinuousFrameProcessor.kt:189:26 Unresolved reference: Mat
e: file:///C:/Users/tejor/AndroidStudioProjects/RealTimeEdgeDetection/app/src/main/java/com/example/realtimeedgedetection/ContinuousFrameProcessor.kt:190:13 Unresolved reference: Imgproc
e: file:///C:/Users/tejor/AndroidStudioProjects/RealTimeEdgeDetection/app/src/main/java/com/example/realtimeedgedetection/ContinuousFrameProcessor.kt:190:52 Unresolved reference: Imgproc
e: file:///C:/Users/tejor/AndroidStudioProjects/RealTimeEdgeDetection/app/src/main/java/com/example/realtimeedgedetection/ContinuousFrameProcessor.kt:194:17 Unresolved reference: opencv
e: file:///C:/Users/tejor/AndroidStudioProjects/RealTimeEdgeDetection/app/src/main/java/com/example/realtimeedgedetection/DataFlowController.kt:21:61 Named arguments are not allowed for non-Kotlin functions
e: file:///C:/Users/tejor/AndroidStudioProjects/RealTimeEdgeDetection/app/src/main/java/com/example/realtimeedgedetection/DataFlowController.kt:21:61 Cannot find a parameter with this name: capacity
e: file:///C:/Users/tejor/AndroidStudioProjects/RealTimeEdgeDetection/app/src/main/java/com/example/realtimeedgedetection/DataFlowController.kt:65:52 No value passed for parameter 'textureView'
e: file:///C:/Users/tejor/AndroidStudioProjects/RealTimeEdgeDetection/app/src/main/java/com/example/realtimeedgedetection/DataFlowController.kt:186:37 Unresolved reference: applyCannyEdge
e: file:///C:/Users/tejor/AndroidStudioProjects/RealTimeEdgeDetection/app/src/main/java/com/example/realtimeedgedetection/DataFlowController.kt:189:37 Unresolved reference: applyGrayscale
e: file:///C:/Users/tejor/AndroidStudioProjects/RealTimeEdgeDetection/app/src/main/java/com/example/realtimeedgedetection/EdgeDetectionAnalyzer.kt:29:25 Unresolved reference: RGBA_8888
e: file:///C:/Users/tejor/AndroidStudioProjects/RealTimeEdgeDetection/app/src/main/java/com/example/realtimeedgedetection/MainActivityEnhanced.kt:241:71 Unresolved reference: settings_button
e: file:///C:/Users/tejor/AndroidStudioProjects/RealTimeEdgeDetection/app/src/main/java/com/example/realtimeedgedetection/MainActivityEnhanced.kt:256:45 Unresolved reference: getOutputDirectory
e: file:///C:/Users/tejor/AndroidStudioProjects/RealTimeEdgeDetection/app/src/main/java/com/example/realtimeedgedetection/MainActivityEnhanced.kt:277:51 Unresolved reference: previewView
e: file:///C:/Users/tejor/AndroidStudioProjects/RealTimeEdgeDetection/app/src/main/java/com/example/realtimeedgedetection/MainActivityEnhanced.kt:443:111 Unresolved reference: filter_active
e: file:///C:/Users/tejor/AndroidStudioProjects/RealTimeEdgeDetection/app/src/main/java/com/example/realtimeedgedetection/MainActivityEnhanced.kt:444:95 Unresolved reference: filter_inactive
e: file:///C:/Users/tejor/AndroidStudioProjects/RealTimeEdgeDetection/app/src/main/java/com/example/realtimeedgedetection/MainActivityEnhanced.kt:448:112 Unresolved reference: filter_active
e: file:///C:/Users/tejor/AndroidStudioProjects/RealTimeEdgeDetection/app/src/main/java/com/example/realtimeedgedetection/MainActivityEnhanced.kt:449:95 Unresolved reference: filter_inactive
e: file:///C:/Users/tejor/AndroidStudioProjects/RealTimeEdgeDetection/app/src/main/java/com/example/realtimeedgedetection/MainActivityEnhanced.kt:453:110 Unresolved reference: filter_active
e: file:///C:/Users/tejor/AndroidStudioProjects/RealTimeEdgeDetection/app/src/main/java/com/example/realtimeedgedetection/MainActivityEnhanced.kt:454:95 Unresolved reference: filter_inactive
e: file:///C:/Users/tejor/AndroidStudioProjects/RealTimeEdgeDetection/app/src/main/java/com/example/realtimeedgedetection/MainActivityEnhanced.kt:512:49 Unresolved reference: glSurfaceView
e: file:///C:/Users/tejor/AndroidStudioProjects/RealTimeEdgeDetection/app/src/main/java/com/example/realtimeedgedetection/MainActivityEnhanced.kt:559:17 Unresolved reference: previewView
e: file:///C:/Users/tejor/AndroidStudioProjects/RealTimeEdgeDetection/app/src/main/java/com/example/realtimeedgedetection/MainActivityEnhanced.kt:559:29 Variable expected
e: file:///C:/Users/tejor/AndroidStudioProjects/RealTimeEdgeDetection/app/src/main/java/com/example/realtimeedgedetection/MainActivityEnhanced.kt:563:68 Unresolved reference: gallery_view
e: file:///C:/Users/tejor/AndroidStudioProjects/RealTimeEdgeDetection/app/src/main/java/com/example/realtimeedgedetection/MainActivityEnhanced.kt:587:17 Unresolved reference: previewView
e: file:///C:/Users/tejor/AndroidStudioProjects/RealTimeEdgeDetection/app/src/main/java/com/example/realtimeedgedetection/MainActivityEnhanced.kt:587:29 Variable expected
e: file:///C:/Users/tejor/AndroidStudioProjects/RealTimeEdgeDetection/app/src/main/java/com/example/realtimeedgedetection/MainActivityEnhanced.kt:591:69 Unresolved reference: settings_view
e: file:///C:/Users/tejor/AndroidStudioProjects/RealTimeEdgeDetection/app/src/main/java/com/example/realtimeedgedetection/RealtimeCameraActivity.kt:204:38 Unresolved reference: rowPadding
e: file:///C:/Users/tejor/AndroidStudioProjects/RealTimeEdgeDetection/app/src/main/java/com/example/realtimeedgedetection/RealtimeCameraActivity.kt:205:38 Overload resolution ambiguity: 
public final operator fun plus(other: Byte): Int defined in kotlin.Int
public final operator fun plus(other: Double): Double defined in kotlin.Int
public final operator fun plus(other: Float): Float defined in kotlin.Int
public final operator fun plus(other: Int): Int defined in kotlin.Int
public final operator fun plus(other: Long): Long defined in kotlin.Int
public final operator fun plus(other: Short): Int defined in kotlin.Int

> Task :app:compileReleaseKotlin
e: file:///C:/Users/tejor/AndroidStudioProjects/RealTimeEdgeDetection/app/src/main/java/com/example/realtimeedgedetection/ContinuousFrameProcessor.kt:6:12 Unresolved reference: opencv
e: file:///C:/Users/tejor/AndroidStudioProjects/RealTimeEdgeDetection/app/src/main/java/com/example/realtimeedgedetection/ContinuousFrameProcessor.kt:7:12 Unresolved reference: opencv
e: file:///C:/Users/tejor/AndroidStudioProjects/RealTimeEdgeDetection/app/src/main/java/com/example/realtimeedgedetection/ContinuousFrameProcessor.kt:27:32 Unresolved reference: Mat
e: file:///C:/Users/tejor/AndroidStudioProjects/RealTimeEdgeDetection/app/src/main/java/com/example/realtimeedgedetection/ContinuousFrameProcessor.kt:28:26 Unresolved reference: Mat
e: file:///C:/Users/tejor/AndroidStudioProjects/RealTimeEdgeDetection/app/src/main/java/com/example/realtimeedgedetection/ContinuousFrameProcessor.kt:29:26 Unresolved reference: Mat
e: file:///C:/Users/tejor/AndroidStudioProjects/RealTimeEdgeDetection/app/src/main/java/com/example/realtimeedgedetection/ContinuousFrameProcessor.kt:91:38 Unresolved reference: rowPadding
e: file:///C:/Users/tejor/AndroidStudioProjects/RealTimeEdgeDetection/app/src/main/java/com/example/realtimeedgedetection/ContinuousFrameProcessor.kt:92:38 Overload resolution ambiguity: 
public final operator fun plus(other: Byte): Int defined in kotlin.Int
public final operator fun plus(other: Double): Double defined in kotlin.Int
public final operator fun plus(other: Float): Float defined in kotlin.Int
public final operator fun plus(other: Int): Int defined in kotlin.Int
public final operator fun plus(other: Long): Long defined in kotlin.Int
public final operator fun plus(other: Short): Int defined in kotlin.Int
e: file:///C:/Users/tejor/AndroidStudioProjects/RealTimeEdgeDetection/app/src/main/java/com/example/realtimeedgedetection/ContinuousFrameProcessor.kt:112:23 Unresolved reference: Mat
e: file:///C:/Users/tejor/AndroidStudioProjects/RealTimeEdgeDetection/app/src/main/java/com/example/realtimeedgedetection/ContinuousFrameProcessor.kt:113:17 Unresolved reference: opencv
e: file:///C:/Users/tejor/AndroidStudioProjects/RealTimeEdgeDetection/app/src/main/java/com/example/realtimeedgedetection/ContinuousFrameProcessor.kt:116:24 Unresolved reference: Mat
e: file:///C:/Users/tejor/AndroidStudioProjects/RealTimeEdgeDetection/app/src/main/java/com/example/realtimeedgedetection/ContinuousFrameProcessor.kt:117:13 Unresolved reference: Imgproc
e: file:///C:/Users/tejor/AndroidStudioProjects/RealTimeEdgeDetection/app/src/main/java/com/example/realtimeedgedetection/ContinuousFrameProcessor.kt:117:41 Unresolved reference: Imgproc
e: file:///C:/Users/tejor/AndroidStudioProjects/RealTimeEdgeDetection/app/src/main/java/com/example/realtimeedgedetection/ContinuousFrameProcessor.kt:120:26 Unresolved reference: Mat
e: file:///C:/Users/tejor/AndroidStudioProjects/RealTimeEdgeDetection/app/src/main/java/com/example/realtimeedgedetection/ContinuousFrameProcessor.kt:121:13 Unresolved reference: Imgproc
e: file:///C:/Users/tejor/AndroidStudioProjects/RealTimeEdgeDetection/app/src/main/java/com/example/realtimeedgedetection/ContinuousFrameProcessor.kt:121:44 Unresolved reference: Imgproc
e: file:///C:/Users/tejor/AndroidStudioProjects/RealTimeEdgeDetection/app/src/main/java/com/example/realtimeedgedetection/ContinuousFrameProcessor.kt:125:17 Unresolved reference: opencv
e: file:///C:/Users/tejor/AndroidStudioProjects/RealTimeEdgeDetection/app/src/main/java/com/example/realtimeedgedetection/ContinuousFrameProcessor.kt:147:23 Unresolved reference: Mat
e: file:///C:/Users/tejor/AndroidStudioProjects/RealTimeEdgeDetection/app/src/main/java/com/example/realtimeedgedetection/ContinuousFrameProcessor.kt:148:17 Unresolved reference: opencv
e: file:///C:/Users/tejor/AndroidStudioProjects/RealTimeEdgeDetection/app/src/main/java/com/example/realtimeedgedetection/ContinuousFrameProcessor.kt:152:30 Unresolved reference: Mat
e: file:///C:/Users/tejor/AndroidStudioProjects/RealTimeEdgeDetection/app/src/main/java/com/example/realtimeedgedetection/ContinuousFrameProcessor.kt:153:17 Unresolved reference: Imgproc
e: file:///C:/Users/tejor/AndroidStudioProjects/RealTimeEdgeDetection/app/src/main/java/com/example/realtimeedgedetection/ContinuousFrameProcessor.kt:156:21 Unresolved reference: Size
e: file:///C:/Users/tejor/AndroidStudioProjects/RealTimeEdgeDetection/app/src/main/java/com/example/realtimeedgedetection/ContinuousFrameProcessor.kt:164:24 Unresolved reference: Mat
e: file:///C:/Users/tejor/AndroidStudioProjects/RealTimeEdgeDetection/app/src/main/java/com/example/realtimeedgedetection/ContinuousFrameProcessor.kt:165:13 Unresolved reference: Imgproc
e: file:///C:/Users/tejor/AndroidStudioProjects/RealTimeEdgeDetection/app/src/main/java/com/example/realtimeedgedetection/ContinuousFrameProcessor.kt:165:51 Unresolved reference: Imgproc
e: file:///C:/Users/tejor/AndroidStudioProjects/RealTimeEdgeDetection/app/src/main/java/com/example/realtimeedgedetection/ContinuousFrameProcessor.kt:168:27 Unresolved reference: Mat
e: file:///C:/Users/tejor/AndroidStudioProjects/RealTimeEdgeDetection/app/src/main/java/com/example/realtimeedgedetection/ContinuousFrameProcessor.kt:169:13 Unresolved reference: Imgproc
e: file:///C:/Users/tejor/AndroidStudioProjects/RealTimeEdgeDetection/app/src/main/java/com/example/realtimeedgedetection/ContinuousFrameProcessor.kt:169:49 Unresolved reference: Size
e: file:///C:/Users/tejor/AndroidStudioProjects/RealTimeEdgeDetection/app/src/main/java/com/example/realtimeedgedetection/ContinuousFrameProcessor.kt:172:25 Unresolved reference: Mat
e: file:///C:/Users/tejor/AndroidStudioProjects/RealTimeEdgeDetection/app/src/main/java/com/example/realtimeedgedetection/ContinuousFrameProcessor.kt:173:13 Unresolved reference: Imgproc
e: file:///C:/Users/tejor/AndroidStudioProjects/RealTimeEdgeDetection/app/src/main/java/com/example/realtimeedgedetection/ContinuousFrameProcessor.kt:177:32 Unresolved reference: Mat
e: file:///C:/Users/tejor/AndroidStudioProjects/RealTimeEdgeDetection/app/src/main/java/com/example/realtimeedgedetection/ContinuousFrameProcessor.kt:178:17 Unresolved reference: Imgproc
e: file:///C:/Users/tejor/AndroidStudioProjects/RealTimeEdgeDetection/app/src/main/java/com/example/realtimeedgedetection/ContinuousFrameProcessor.kt:181:21 Unresolved reference: Size
e: file:///C:/Users/tejor/AndroidStudioProjects/RealTimeEdgeDetection/app/src/main/java/com/example/realtimeedgedetection/ContinuousFrameProcessor.kt:189:26 Unresolved reference: Mat
e: file:///C:/Users/tejor/AndroidStudioProjects/RealTimeEdgeDetection/app/src/main/java/com/example/realtimeedgedetection/ContinuousFrameProcessor.kt:190:13 Unresolved reference: Imgproc
e: file:///C:/Users/tejor/AndroidStudioProjects/RealTimeEdgeDetection/app/src/main/java/com/example/realtimeedgedetection/ContinuousFrameProcessor.kt:190:52 Unresolved reference: Imgproc
e: file:///C:/Users/tejor/AndroidStudioProjects/RealTimeEdgeDetection/app/src/main/java/com/example/realtimeedgedetection/ContinuousFrameProcessor.kt:194:17 Unresolved reference: opencv
e: file:///C:/Users/tejor/AndroidStudioProjects/RealTimeEdgeDetection/app/src/main/java/com/example/realtimeedgedetection/DataFlowController.kt:21:61 Named arguments are not allowed for non-Kotlin functions
e: file:///C:/Users/tejor/AndroidStudioProjects/RealTimeEdgeDetection/app/src/main/java/com/example/realtimeedgedetection/DataFlowController.kt:21:61 Cannot find a parameter with this name: capacity
e: file:///C:/Users/tejor/AndroidStudioProjects/RealTimeEdgeDetection/app/src/main/java/com/example/realtimeedgedetection/DataFlowController.kt:65:52 No value passed for parameter 'textureView'
e: file:///C:/Users/tejor/AndroidStudioProjects/RealTimeEdgeDetection/app/src/main/java/com/example/realtimeedgedetection/DataFlowController.kt:186:37 Unresolved reference: applyCannyEdge
e: file:///C:/Users/tejor/AndroidStudioProjects/RealTimeEdgeDetection/app/src/main/java/com/example/realtimeedgedetection/DataFlowController.kt:189:37 Unresolved reference: applyGrayscale
e: file:///C:/Users/tejor/AndroidStudioProjects/RealTimeEdgeDetection/app/src/main/java/com/example/realtimeedgedetection/EdgeDetectionAnalyzer.kt:29:25 Unresolved reference: RGBA_8888
e: file:///C:/Users/tejor/AndroidStudioProjects/RealTimeEdgeDetection/app/src/main/java/com/example/realtimeedgedetection/MainActivityEnhanced.kt:241:71 Unresolved reference: settings_button
e: file:///C:/Users/tejor/AndroidStudioProjects/RealTimeEdgeDetection/app/src/main/java/com/example/realtimeedgedetection/MainActivityEnhanced.kt:256:45 Unresolved reference: getOutputDirectory
e: file:///C:/Users/tejor/AndroidStudioProjects/RealTimeEdgeDetection/app/src/main/java/com/example/realtimeedgedetection/MainActivityEnhanced.kt:277:51 Unresolved reference: previewView
e: file:///C:/Users/tejor/AndroidStudioProjects/RealTimeEdgeDetection/app/src/main/java/com/example/realtimeedgedetection/MainActivityEnhanced.kt:443:111 Unresolved reference: filter_active
e: file:///C:/Users/tejor/AndroidStudioProjects/RealTimeEdgeDetection/app/src/main/java/com/example/realtimeedgedetection/MainActivityEnhanced.kt:444:95 Unresolved reference: filter_inactive
e: file:///C:/Users/tejor/AndroidStudioProjects/RealTimeEdgeDetection/app/src/main/java/com/example/realtimeedgedetection/MainActivityEnhanced.kt:448:112 Unresolved reference: filter_active
e: file:///C:/Users/tejor/AndroidStudioProjects/RealTimeEdgeDetection/app/src/main/java/com/example/realtimeedgedetection/MainActivityEnhanced.kt:449:95 Unresolved reference: filter_inactive
e: file:///C:/Users/tejor/AndroidStudioProjects/RealTimeEdgeDetection/app/src/main/java/com/example/realtimeedgedetection/MainActivityEnhanced.kt:453:110 Unresolved reference: filter_active
e: file:///C:/Users/tejor/AndroidStudioProjects/RealTimeEdgeDetection/app/src/main/java/com/example/realtimeedgedetection/MainActivityEnhanced.kt:454:95 Unresolved reference: filter_inactive
e: file:///C:/Users/tejor/AndroidStudioProjects/RealTimeEdgeDetection/app/src/main/java/com/example/realtimeedgedetection/MainActivityEnhanced.kt:512:49 Unresolved reference: glSurfaceView
e: file:///C:/Users/tejor/AndroidStudioProjects/RealTimeEdgeDetection/app/src/main/java/com/example/realtimeedgedetection/MainActivityEnhanced.kt:559:17 Unresolved reference: previewView
e: file:///C:/Users/tejor/AndroidStudioProjects/RealTimeEdgeDetection/app/src/main/java/com/example/realtimeedgedetection/MainActivityEnhanced.kt:559:29 Variable expected
e: file:///C:/Users/tejor/AndroidStudioProjects/RealTimeEdgeDetection/app/src/main/java/com/example/realtimeedgedetection/MainActivityEnhanced.kt:563:68 Unresolved reference: gallery_view
e: file:///C:/Users/tejor/AndroidStudioProjects/RealTimeEdgeDetection/app/src/main/java/com/example/realtimeedgedetection/MainActivityEnhanced.kt:587:17 Unresolved reference: previewView
e: file:///C:/Users/tejor/AndroidStudioProjects/RealTimeEdgeDetection/app/src/main/java/com/example/realtimeedgedetection/MainActivityEnhanced.kt:587:29 Variable expected
e: file:///C:/Users/tejor/AndroidStudioProjects/RealTimeEdgeDetection/app/src/main/java/com/example/realtimeedgedetection/MainActivityEnhanced.kt:591:69 Unresolved reference: settings_view
e: file:///C:/Users/tejor/AndroidStudioProjects/RealTimeEdgeDetection/app/src/main/java/com/example/realtimeedgedetection/RealtimeCameraActivity.kt:204:38 Unresolved reference: rowPadding
e: file:///C:/Users/tejor/AndroidStudioProjects/RealTimeEdgeDetection/app/src/main/java/com/example/realtimeedgedetection/RealtimeCameraActivity.kt:205:38 Overload resolution ambiguity: 
public final operator fun plus(other: Byte): Int defined in kotlin.Int
public final operator fun plus(other: Double): Double defined in kotlin.Int
public final operator fun plus(other: Float): Float defined in kotlin.Int
public final operator fun plus(other: Int): Int defined in kotlin.Int
public final operator fun plus(other: Long): Long defined in kotlin.Int
public final operator fun plus(other: Short): Int defined in kotlin.Int

> Task :app:compileReleaseKotlin FAILED

[Incubating] Problems report is available at: file:///C:/Users/tejor/AndroidStudioProjects/RealTimeEdgeDetection/build/reports/problems/problems-report.html

FAILURE: Build completed with 2 failures.

1: Task failed with an exception.
-----------
* What went wrong:
Execution failed for task ':app:compileDebugKotlin'.
> A failure occurred while executing org.jetbrains.kotlin.compilerRunner.GradleCompilerRunnerWithWorkers$GradleKotlinCompilerWorkAction
   > Compilation error. See log for more details

* Try:

Deprecated Gradle features were used in this build, making it incompatible with Gradle 9.0.

You can use '--warning-mode all' to show the individual deprecation warnings and determine if they come from your own scripts or plugins.

For more on this, please refer to https://docs.gradle.org/8.13/userguide/command_line_interface.html#sec:command_line_warnings in the Gradle documentation.
92 actionable tasks: 19 executed, 73 up-to-date
> Run with --stacktrace option to get the stack trace.
> Run with --info or --debug option to get more log output.
> Run with --scan to get full insights.
> Get more help at https://help.gradle.org.
==============================================================================

2: Task failed with an exception.
-----------
* What went wrong:
Execution failed for task ':app:compileReleaseKotlin'.
> A failure occurred while executing org.jetbrains.kotlin.compilerRunner.GradleCompilerRunnerWithWorkers$GradleKotlinCompilerWorkAction
   > Compilation error. See log for more details

* Try:
> Run with --stacktrace option to get the stack trace.
> Run with --info or --debug option to get more log output.
> Run with --scan to get full insights.
> Get more help at https://help.gradle.org.
==============================================================================

BUILD FAILED in 12s
